     1                                  bits 32 ; assembling for the 32 bits architecture
     2                                  
     3                                  ; declare the EntryPoint (a label defining the very first instruction of the program)
     4                                  global start        
     5                                  
     6                                  ; declare external functions needed by our program
     7                                  extern exit               ; tell nasm that exit exists even if we won't be defining it
     8                                  import exit msvcrt.dll    ; exit is a function that ends the calling process. It is defined in msvcrt.dll
     9                                                            ; msvcrt.dll contains exit, printf and all the other important C-runtime specific functions
    10                                  
    11                                  ; our data is declared here (the variables needed by our program)
    12                                  segment data use32 class=data
    13                                      ; ...
    14                                  
    15 00000000 8400                        A dw 132
    16 00000002 8405                        B dw 1412
    17 00000004 0B02                        C dw 523
    18 00000006 0000                        D dw 0
    19                                          
    20                                  ; our code starts here
    21                                  segment code use32 class=code
    22                                      start:
    23                                          ; ...
    24                                          
    25                                          ;Given the words A, B si C, obtain the word D as the sum of the integers represented by:
    26                                          ;-the bits 1-5 of A
    27                                          ;-the bits 6-10 of B
    28                                          ;-the bits 11-15 of C
    29                                          
    30                                          
    31                                          
    32                                          ;A -> [________|__-----_]
    33                                          ;B -> [_____---|--______]
    34                                          ;C -> [-----___|________]
    35                                          ;                           +
    36                                          ;D =  [                 ]
    37                                          
    38                                          
    39                                          ;    15                0
    40                                          ;    [________|________]
    41                                          
    42                                      
    43 00000000 B800000000                      mov EAX,0   ;clear all
    44 00000005 BB00000000                      mov EBX,0
    45 0000000A B900000000                      mov ECX,0
    46 0000000F BA00000000                      mov EDX,0
    47                                      
    48                                          
    49 00000014 66A1[00000000]                  MOV AX, [A]                     ;move A into ax
    50 0000001A 668B1D[02000000]                MOV BX, [B]                     ;move B into bx
    51 00000021 668B0D[04000000]                MOV CX, [C]                     ;move C into cx
    52                                      
    53                                      
    54 00000028 6683E03E                        AND AX, 00000000_00111110b      ;get the integer from the bits 1-5 of A
    55 0000002C 6681E3C007                      AND BX, 00000111_11000000b      ;get the integer from the bits 6-10 of B
    56 00000031 6681E100F8                      AND CX, 11111000_00000000b      ;get the integer from the bits 11-15 of C
    57                                          
    58 00000036 6601C2                          ADD DX, AX                      ;get into DX the sum of all integers
    59 00000039 6601DA                          ADD DX, BX
    60 0000003C 6601CA                          ADD DX, CX
    61                                          
    62 0000003F 668915[06000000]                MOV [D], DX
    63                                          
    64                                      
    65                                          ; exit(0)
    66 00000046 6A00                            push    dword 0      ; push the parameter for exit onto the stack
    67 00000048 FF15[00000000]                  call    [exit]       ; call exit to terminate the program
