     1                                  bits 32 ; assembling for the 32 bits architecture
     2                                  
     3                                  ; declare the EntryPoint (a label defining the very first instruction of the program)
     4                                  global start        
     5                                  
     6                                  ; declare external functions needed by our program
     7                                  extern exit               ; tell nasm that exit exists even if we won't be defining it
     8                                  import exit msvcrt.dll    ; exit is a function that ends the calling process. It is defined in msvcrt.dll
     9                                                            ; msvcrt.dll contains exit, printf and all the other important C-runtime specific functions
    10                                  
    11                                  ; our data is declared here (the variables needed by our program)
    12                                  segment data use32 class=data
    13                                      ; ...
    14                                  
    15 00000000 0500                        a dw 5
    16 00000002 0600                    	b dw 6;                                                                    
    17 00000004 33221100                    c dd 112233h
    18                                      
    19                                      
    20                                      
    21                                  ; our code starts here
    22                                  segment code use32 class=code
    23                                      start:
    24                                          ; ...
    25                                          
    26                                  
    27 00000000 66A1[00000000]                  mov ax, [a]
    28 00000006 668B1D[02000000]            mov bx, [b]
    29 0000000D 8B0D[04000000]              mov ecx, [c]
    30 00000013 51                          push ecx
    31 00000014 6650                        push ax
    32 00000016 58                          pop eax ;
    33 00000017 6653                        push bx
    34 00000019 5B                          pop ebx ; 
    35                                          
    36                                          
    37                                      
    38                                          ; exit(0)
    39 0000001A 6A00                            push    dword 0      ; push the parameter for exit onto the stack
    40 0000001C FF15[00000000]                  call    [exit]       ; call exit to terminate the program
